C:\Users\shlok\OneDrive\Documents\Projects\Replica-Recall-Divergence\research\cross_system_replication\qdrant_sweep.py --seeds 5 --seed-base 20261000 --duration 120 --writers 4 --with-quiesce --chaos-duration 50 --pre-chaos-s 20 --out-dir C:\Users\shlok\OneDrive\Documents\Projects\Replica-Recall-Divergence\research\qdrant_gated_index_recall\results --warmup-until-written 100000 --sift-vectors 250000 --indexing-threshold-kb 1000 --index-gate --index-gate-tol 0.05 --index-gate-timeout 600 --capture-telemetry
[qsweep] 5 seeds x 3 conditions = 15 runs, ~40 min
[qsweep] output: C:\Users\shlok\OneDrive\Documents\Projects\Replica-Recall-Divergence\research\qdrant_gated_index_recall\results

  [1/15] seed 20261000 baseline ok    72 samples    233s
  [2/15] seed 20261000 chaos    ok    84 samples    253s
  [3/15] seed 20261000 quiesce  ok    78 samples    240s
  [4/15] seed 20261001 baseline ok    78 samples    231s
  [5/15] seed 20261001 chaos    ok    84 samples    236s
  [6/15] seed 20261001 quiesce  ok    84 samples    229s
  [7/15] seed 20261002 baseline ok    72 samples    233s
  [8/15] seed 20261002 chaos    ok    84 samples    230s
  [9/15] seed 20261002 quiesce  ok    78 samples    280s
  [10/15] seed 20261003 baseline ok    66 samples    258s
  [11/15] seed 20261003 chaos    ok    78 samples    255s
  [12/15] seed 20261003 quiesce  ok    72 samples    227s
  [13/15] seed 20261004 baseline ok    66 samples    275s
  [14/15] seed 20261004 chaos    ok    84 samples    233s
  [15/15] seed 20261004 quiesce  ok    78 samples    247s

[qsweep] aggregate with:
  python research/replica_recall/aggregate.py --sweep-dir C:\Users\shlok\OneDrive\Documents\Projects\Replica-Recall-Divergence\research\qdrant_gated_index_recall\results
