[sift] cached  sift_base.fvecs (103 MB)
[sift] cached  sift_query.fvecs (5 MB)
[qrr] bringing up 3-node Qdrant cluster (2x3, image=qdrant/qdrant@sha256:057ee3a8da769fe7310dd3537b4dc7583bf87a95ce8ac43c0af5a46bc580d1fc)...
[qrr] cluster ready, collection created, shards Active
[qrr] warmup 40s (writing, no faults)...
[qrr] index gate: writers paused, waiting for every replica indexed >= 0.9500 (3 consecutive polls, timeout 600s)...
[qrr] [gate]    10s  min indexed fraction 0.0000  (node 0 indexed 0.0000 < 0.9500 (0/66816))
[qrr] [gate]    21s  min indexed fraction 0.0000  (node 0 indexed 0.0000 < 0.9500 (0/66816))
[qrr] [gate]    31s  min indexed fraction 0.0000  (node 0 indexed 0.0000 < 0.9500 (0/66816))
[qrr] [gate]    41s  min indexed fraction 0.0000  (node 0 indexed 0.0000 < 0.9500 (0/66816))
[qrr] [gate]    51s  min indexed fraction 0.0000  (node 0 indexed 0.0000 < 0.9500 (0/66816))
[qrr] [gate]    61s  min indexed fraction 0.0000  (node 0 indexed 0.0000 < 0.9500 (0/66816))
[qrr] [gate]    72s  min indexed fraction 0.0000  (node 0 indexed 0.0000 < 0.9500 (0/66816))
[qrr] [gate]    82s  min indexed fraction 0.0000  (node 0 indexed 0.0000 < 0.9500 (0/66816))
[qrr] [gate]    93s  min indexed fraction 0.0000  (node 0 indexed 0.0000 < 0.9500 (0/66816))
[qrr] [gate]   103s  min indexed fraction 0.0000  (node 0 indexed 0.0000 < 0.9500 (0/66816))
[qrr] [gate]   114s  min indexed fraction 0.0000  (node 0 indexed 0.0000 < 0.9500 (0/66816))
[qrr] [gate]   125s  min indexed fraction 0.0000  (node 0 indexed 0.0000 < 0.9500 (0/66816))
[qrr] [gate]   135s  min indexed fraction 0.0000  (node 0 indexed 0.0000 < 0.9500 (0/66816))
[qrr] [gate]   146s  min indexed fraction 0.0000  (node 0 indexed 0.0000 < 0.9500 (0/66816))
[qrr] [gate]   157s  min indexed fraction 0.0000  (node 0 indexed 0.0000 < 0.9500 (0/66816))
[qrr] [gate]   167s  min indexed fraction 0.0000  (node 0 indexed 0.0000 < 0.9500 (0/66816))
[qrr] [gate]   177s  min indexed fraction 0.0000  (node 0 indexed 0.0000 < 0.9500 (0/66816))
[qrr] [gate]   187s  min indexed fraction 0.0000  (node 0 indexed 0.0000 < 0.9500 (0/66816))
[qrr] [gate]   198s  min indexed fraction 0.0000  (node 0 indexed 0.0000 < 0.9500 (0/66816))
[qrr] [gate]   208s  min indexed fraction 0.0000  (node 0 indexed 0.0000 < 0.9500 (0/66816))
[qrr] [gate]   219s  min indexed fraction 0.0000  (node 0 indexed 0.0000 < 0.9500 (0/66816))
[qrr] [gate]   229s  min indexed fraction 0.0000  (node 0 indexed 0.0000 < 0.9500 (0/66816))
[qrr] [gate]   241s  min indexed fraction 0.0000  (node 0 indexed 0.0000 < 0.9500 (0/66816))
[qrr] [gate]   251s  min indexed fraction 0.0000  (node 0 indexed 0.0000 < 0.9500 (0/66816))
[qrr] [gate]   261s  min indexed fraction 0.0000  (node 0 indexed 0.0000 < 0.9500 (0/66816))
[qrr] [gate]   271s  min indexed fraction 0.0000  (node 0 indexed 0.0000 < 0.9500 (0/66816))
[qrr] [gate]   282s  min indexed fraction 0.0000  (node 0 indexed 0.0000 < 0.9500 (0/66816))
[qrr] [gate]   292s  min indexed fraction 0.0000  (node 0 indexed 0.0000 < 0.9500 (0/66816))
[qrr] [gate]   303s  min indexed fraction 0.0000  (node 0 indexed 0.0000 < 0.9500 (0/66816))
[qrr] [gate]   313s  min indexed fraction 0.0000  (node 0 indexed 0.0000 < 0.9500 (0/66816))
[qrr] [gate]   324s  min indexed fraction 0.0000  (node 0 indexed 0.0000 < 0.9500 (0/66816))
[qrr] [gate]   334s  min indexed fraction 0.0000  (node 0 indexed 0.0000 < 0.9500 (0/66816))
[qrr] [gate]   345s  min indexed fraction 0.0000  (node 0 indexed 0.0000 < 0.9500 (0/66816))
[qrr] [gate]   356s  min indexed fraction 0.0000  (node 0 indexed 0.0000 < 0.9500 (0/66816))
[qrr] [gate]   366s  min indexed fraction 0.0000  (node 0 indexed 0.0000 < 0.9500 (0/66816))
[qrr] [gate]   376s  min indexed fraction 0.0000  (node 0 indexed 0.0000 < 0.9500 (0/66816))
[qrr] [gate]   387s  min indexed fraction 0.0000  (node 0 indexed 0.0000 < 0.9500 (0/66816))
[qrr] [gate]   397s  min indexed fraction 0.0000  (node 0 indexed 0.0000 < 0.9500 (0/66816))
[qrr] [gate]   408s  min indexed fraction 0.0000  (node 0 indexed 0.0000 < 0.9500 (0/66816))
[qrr] [gate]   418s  min indexed fraction 0.0000  (node 0 indexed 0.0000 < 0.9500 (0/66816))
[qrr] [gate]   429s  min indexed fraction 0.0000  (node 0 indexed 0.0000 < 0.9500 (0/66816))
[qrr] [gate]   439s  min indexed fraction 0.0000  (node 0 indexed 0.0000 < 0.9500 (0/66816))
[qrr] [gate]   449s  min indexed fraction 0.0000  (node 0 indexed 0.0000 < 0.9500 (0/66816))
[qrr] [gate]   460s  min indexed fraction 0.0000  (node 0 indexed 0.0000 < 0.9500 (0/66816))
[qrr] [gate]   470s  min indexed fraction 0.0000  (node 0 indexed 0.0000 < 0.9500 (0/66816))
[qrr] [gate]   481s  min indexed fraction 0.0000  (node 0 indexed 0.0000 < 0.9500 (0/66816))
[qrr] [gate]   491s  min indexed fraction 0.0000  (node 0 indexed 0.0000 < 0.9500 (0/66816))
[qrr] [gate]   501s  min indexed fraction 0.0000  (node 0 indexed 0.0000 < 0.9500 (0/66816))
[qrr] [gate]   511s  min indexed fraction 0.0000  (node 0 indexed 0.0000 < 0.9500 (0/66816))
[qrr] [gate]   522s  min indexed fraction 0.0000  (node 0 indexed 0.0000 < 0.9500 (0/66816))
[qrr] [gate]   533s  min indexed fraction 0.0000  (node 0 indexed 0.0000 < 0.9500 (0/66816))
[qrr] [gate]   543s  min indexed fraction 0.0000  (node 0 indexed 0.0000 < 0.9500 (0/66816))
[qrr] [gate]   553s  min indexed fraction 0.0000  (node 0 indexed 0.0000 < 0.9500 (0/66816))
[qrr] [gate]   563s  min indexed fraction 0.0000  (node 0 indexed 0.0000 < 0.9500 (0/66816))
[qrr] [gate]   574s  min indexed fraction 0.0000  (node 0 indexed 0.0000 < 0.9500 (0/66816))
[qrr] [gate]   584s  min indexed fraction 0.0000  (node 0 indexed 0.0000 < 0.9500 (0/66816))
[qrr] [gate]   594s  min indexed fraction 0.0000  (node 0 indexed 0.0000 < 0.9500 (0/66816))
[qrr] [gate] NOT closed after 600.5s (timeout 600s): node 0 indexed 0.0000 < 0.9500 (0/66816)
[qrr] FATAL: index gate never closed -- refusing to measure an un-indexed corpus. No samples.csv written.

[qrr] teardown...
